// Jest Snapshot v1, https://goo.gl/fbAQLP

exports[`Utils component composeComponents should compose React internal components 1`] = `
<div>
  Hello There
</div>
`;
